
Allocating common symbols
Common symbol       size              file

buddy_num           0x40              build/memory/page_alloc.c.o
buddy_map           0x40              build/memory/page_alloc.c.o

Memory Configuration

Name             Origin             Length             Attributes
*default*        0x0000000000000000 0xffffffffffffffff

Linker script and memory map

                0x0000000000100000                . = 0x100000
                0x0000000000100000                kernel_load_addr = .

.text           0x0000000000100000     0x248f
                0x0000000000100000                kernel_text_start = .
 *(.boot)
 .boot          0x0000000000100000       0x29 build/boot/boot.asm.o
 *(.text)
 *fill*         0x0000000000100029        0x7 90
 .text          0x0000000000100030        0x0 build/boot/boot.asm.o
 .text          0x0000000000100030      0x190 build/boot/init.asm.o
                0x0000000000100030                wheel_init
 .text          0x00000000001001c0      0x7b5 build/kernel/main.c.o
                0x00000000001001c0                raw_write
                0x0000000000100250                read_info
                0x0000000000100620                wheel_main
 *fill*         0x0000000000100975        0xb 90
 .text          0x0000000000100980      0x715 build/memory/page_alloc.c.o
                0x0000000000100980                page_alloc_init
                0x0000000000100f40                alloc_pages
                0x0000000000101080                free_pages
 *fill*         0x0000000000101095        0x3 90
 .text          0x0000000000101098        0x0 build/memory/virt_alloc.c.o
 *fill*         0x0000000000101098        0x8 90
 .text          0x00000000001010a0      0x2ff build/library/bitmap.c.o
                0x00000000001010a0                bitmap_set
                0x0000000000101220                bitmap_clear
 *fill*         0x000000000010139f        0x1 90
 .text          0x00000000001013a0     0x10ef build/library/string.c.o
                0x00000000001013a0                strlen
                0x00000000001014b0                strcpy
                0x0000000000101520                strncpy
                0x00000000001015d0                memcpy
                0x00000000001017c0                memset
                0x00000000001019c0                u32_to_str
                0x0000000000101af0                u64_to_str
                0x0000000000101c30                i32_to_str
                0x0000000000101cc0                i64_to_str
                0x0000000000101d50                vsprintf
                0x0000000000102430                sprintf
                0x000000000010248f                kernel_text_end = .
                0x000000000010248f                kernel_text_start = .
 *(.boot)
 *(.text)
                0x000000000010248f                kernel_text_end = .

.rodata.str1.1  0x000000000010248f       0xd1
 .rodata.str1.1
                0x000000000010248f       0xd1 build/kernel/main.c.o

.eh_frame       0x0000000000102560      0x2d0
 .eh_frame      0x0000000000102560       0x70 build/kernel/main.c.o
 .eh_frame      0x00000000001025d0       0xc0 build/memory/page_alloc.c.o
 .eh_frame      0x0000000000102690       0x50 build/library/bitmap.c.o
 .eh_frame      0x00000000001026e0      0x150 build/library/string.c.o

.data           0x0000000000103000       0xf4
                0x0000000000103000                kernel_data_start = .
 *(.rodata)
 .rodata        0x0000000000103000        0x8 build/kernel/main.c.o
 *fill*         0x0000000000103008        0x8 00000000
 .rodata        0x0000000000103010       0xa5 build/library/string.c.o
 *(.data)
 *fill*         0x00000000001030b5        0x3 00000000
 .data          0x00000000001030b8       0x3a build/boot/init.asm.o
 *fill*         0x00000000001030f2        0x2 00000000
 .data          0x00000000001030f4        0x0 build/kernel/main.c.o
 .data          0x00000000001030f4        0x0 build/memory/page_alloc.c.o
 .data          0x00000000001030f4        0x0 build/memory/virt_alloc.c.o
 .data          0x00000000001030f4        0x0 build/library/bitmap.c.o
 .data          0x00000000001030f4        0x0 build/library/string.c.o
                0x00000000001030f4                kernel_data_end = .
                0x00000000001030f4                kernel_data_start = .
 *(.rodata)
 *(.data)
                0x00000000001030f4                kernel_data_end = .

.bss            0x0000000000104000     0x6000
                0x0000000000104000                kernel_bss_start = .
 *(COMMON)
 COMMON         0x0000000000104000       0x80 build/memory/page_alloc.c.o
                0x0000000000104000                buddy_num
                0x0000000000104040                buddy_map
 *(.bss)
 *fill*         0x0000000000104080      0xf80 00000000
 .bss           0x0000000000105000     0x5000 build/boot/init.asm.o
                0x0000000000105000                kernel_stack
                0x0000000000106000                pml4t
 .bss           0x000000000010a000        0x0 build/kernel/main.c.o
 .bss           0x000000000010a000        0x0 build/memory/page_alloc.c.o
 .bss           0x000000000010a000        0x0 build/memory/virt_alloc.c.o
 .bss           0x000000000010a000        0x0 build/library/bitmap.c.o
 .bss           0x000000000010a000        0x0 build/library/string.c.o
                0x000000000010a000                kernel_bss_end = .
                0x000000000010a000                kernel_bss_start = .
 *(COMMON)
 *(.bss)
                0x000000000010a000                kernel_bss_end = .
                0x000000000010a000                kernel_end = .
LOAD build/boot/boot.asm.o
LOAD build/boot/init.asm.o
LOAD build/kernel/main.c.o
LOAD build/memory/page_alloc.c.o
LOAD build/memory/virt_alloc.c.o
LOAD build/library/bitmap.c.o
LOAD build/library/string.c.o
LOAD link.lds
                0x0000000000100000                . = 0x100000
                0x0000000000100000                kernel_load_addr = .
                0x0000000000100000                kernel_end = .
OUTPUT(build/kernel.bin binary)

.comment        0x0000000000000000      0x186
 .comment       0x0000000000000000       0x4e build/kernel/main.c.o
 .comment       0x000000000000004e       0x4e build/memory/page_alloc.c.o
 .comment       0x000000000000009c       0x4e build/memory/virt_alloc.c.o
 .comment       0x00000000000000ea       0x4e build/library/bitmap.c.o
 .comment       0x0000000000000138       0x4e build/library/string.c.o

.note.GNU-stack
                0x0000000000000000        0x0
 .note.GNU-stack
                0x0000000000000000        0x0 build/kernel/main.c.o
 .note.GNU-stack
                0x0000000000000000        0x0 build/memory/page_alloc.c.o
 .note.GNU-stack
                0x0000000000000000        0x0 build/memory/virt_alloc.c.o
 .note.GNU-stack
                0x0000000000000000        0x0 build/library/bitmap.c.o
 .note.GNU-stack
                0x0000000000000000        0x0 build/library/string.c.o
